Microchip MPLAB XC8 Compiler V2.00 ()

Linker command line:

-W-3 --edf=C:\Program Files (x86)\Microchip\xc8\v2.00\pic\dat\en_msgs.txt \
  -pivt0x8=08h -cs -h+dist/default/debug\pic18f25_sc_adc_0v2.X.debug.sym \
  --cmf=dist/default/debug\pic18f25_sc_adc_0v2.X.debug.cmf -z -Q18F25K83 \
  -oC:\Users\howro\AppData\Local\Temp\sjkk.2 --defsym=__MPLAB_BUILD=1 \
  -Mdist/default/debug/pic18f25_sc_adc_0v2.X.debug.map -E1 -ver=XC8 \
  --acfsm=1493 -ASTACK=04E0h-07ffh -pstack=STACK -ACODE=00h-07FFFh \
  -ACONST=00h-07FFFh -ASMALLCONST=0800h-08FFhx120 \
  -AMEDIUMCONST=0800h-07FFFh -ACOMRAM=01h-05Fh -AABS1=00h-07FFh \
  -ABIGRAM=01h-07FFh -ARAM=060h-0FFh,0100h-01FFhx7 -ABANK0=060h-0FFh \
  -ABANK1=0100h-01FFh -ABANK2=0200h-02FFh -ABANK3=0300h-03FFh \
  -ABANK4=0400h-04FFh -ABANK5=0500h-05FFh -ABANK6=0600h-06FFh \
  -ABANK7=0700h-07FFh -ASFR=03700h-037FFhx8,03F00h-03F5Fh,03F60h-03FFFh \
  -preset_vec=00h -ppowerup=CODE,init -pramtop=0800h \
  -psmallconst=SMALLCONST -pmediumconst=MEDIUMCONST -pconst=CONST \
  -AFARRAM=00h-00h -ACONFIG=0300000h-0300009h -pconfig=CONFIG \
  -AIDLOC=0200000h-020000Fh -pidloc=IDLOC -AEEDATA=0310000h-03103FFh \
  -peeprom_data=EEDATA \
  -prdata=COMRAM,nvrram=COMRAM,nvbit=COMRAM,rbss=COMRAM,rbit=COMRAM \
  -pfarbss=FARRAM,fardata=FARRAM,nvFARRAM=FARRAM \
  -pintsave_regs=BIGRAM,bigbss=BIGRAM,bigdata=BIGRAM -pbss=RAM \
  -pidata=CODE,irdata=CODE,ibigdata=CODE,ifardata=CODE -prparam=COMRAM \
  C:\Users\howro\AppData\Local\Temp\sjkk.o \
  dist/default/debug\pic18f25_sc_adc_0v2.X.debug.o 

Object code version is 3.11

Machine type is 18F25K83

Call graph: (short form)




                Name                               Link     Load   Length Selector   Space Scale
C:\Users\howro\AppData\Local\Temp\sjkk.o
                init                                 1A       1A        4        4       0
                reset_vec                             0        0        4        0       0
                idloc                            200000   200000       10   200000       0
                config                           300000   300000        A   300000       0
dist/default/debug\pic18f25_sc_adc_0v2.X.debug.o
                smallconst                          800      800        6      400       0
                ivt0x8                                8        8       12        4       0
                text23                             140A     140A       EC      403       0
                text22                             12FA     12FA      110      403       0
                text21                             14F6     14F6       A4      403       0
                text20                             1668     1668       5C      403       0
                text19                             1778     1778       5A      403       0
                text18                             1900     1900        6      403       0
                text17                             1806     1806       2E      403       0
                text16                             160C     160C       5C      403       0
                text15                             1860     1860       24      403       0
                text14                             17D2     17D2       34      403       0
                text13                             1884     1884       1E      403       0
                text12                             1834     1834       2C      403       0
                text11                             18E6     18E6        E      403       0
                text10                             18FA     18FA        6      403       0
                text9                              18F4     18F4        6      403       0
                text8                               806      806      4CE      403       0
                text7                               EFC      EFC      200      403       0
                text6                              18BC     18BC       1A      403       0
                text5                              18A2     18A2       1A      403       0
                text4                              18D6     18D6       10      403       0
                text3                               CD4      CD4      228      403       0
                text2                              159A     159A       72      403       0
                text1                              171E     171E       5A      403       0
                text0                              10FC     10FC      1FE      403       0
                cstackCOMRAM                          1        1       2F        1       1
                bssBIGRAM                            E0       E0      400       E0       1
                bssBANK0                             60       60       80       60       1
                dataCOMRAM                           34       34        2        1       1
                bssCOMRAM                            30       30        4        1       1
                cinit                              16C4     16C4       5A      403       0
                idataCOMRAM                        1906     1906        2      403       0

TOTAL           Name                               Link     Load   Length     Space
        CLASS   STACK          

        CLASS   CODE           
                init                                 1A       1A        4         0
                reset_vec                             0        0        4         0
                ivt0x8                                8        8       12         0
                text23                             140A     140A       EC         0
                text22                             12FA     12FA      110         0
                text21                             14F6     14F6       A4         0
                text20                             1668     1668       5C         0
                text19                             1778     1778       5A         0
                text18                             1900     1900        6         0
                text17                             1806     1806       2E         0
                text16                             160C     160C       5C         0
                text15                             1860     1860       24         0
                text14                             17D2     17D2       34         0
                text13                             1884     1884       1E         0
                text12                             1834     1834       2C         0
                text11                             18E6     18E6        E         0
                text10                             18FA     18FA        6         0
                text9                              18F4     18F4        6         0
                text8                               806      806      4CE         0
                text7                               EFC      EFC      200         0
                text6                              18BC     18BC       1A         0
                text5                              18A2     18A2       1A         0
                text4                              18D6     18D6       10         0
                text3                               CD4      CD4      228         0
                text2                              159A     159A       72         0
                text1                              171E     171E       5A         0
                text0                              10FC     10FC      1FE         0
                cinit                              16C4     16C4       5A         0
                idataCOMRAM                        1906     1906        2         0

        CLASS   CONST          

        CLASS   SMALLCONST     
                smallconst                          800      800        6         0

        CLASS   MEDIUMCONST    

        CLASS   COMRAM         
                cstackCOMRAM                          1        1       2F         1
                dataCOMRAM                           34       34        2         1
                bssCOMRAM                            30       30        4         1

        CLASS   ABS1           

        CLASS   BIGRAM         
                bssBIGRAM                            E0       E0      400         1

        CLASS   RAM            

        CLASS   BANK0          
                bssBANK0                             60       60       80         1

        CLASS   BANK1          

        CLASS   BANK2          

        CLASS   BANK3          

        CLASS   BANK4          

        CLASS   BANK5          

        CLASS   BANK6          

        CLASS   BANK7          

        CLASS   SFR            

        CLASS   FARRAM         

        CLASS   CONFIG         
                config                           300000   300000        A         0

        CLASS   IDLOC          
                idloc                            200000   200000       10         0

        CLASS   EEDATA         



SEGMENTS        Name                           Load    Length   Top    Selector   Space  Class

                reset_vec                      000000  000004  000004         0       0  CODE    
                cstackCOMRAM                   000001  000035  000036         1       1  COMRAM  
                ivt0x8                         000008  000016  00001E         4       0  CODE    
                bssBANK0                       000060  000080  0000E0        60       1  BANK0   
                bssBIGRAM                      0000E0  000400  0004E0        E0       1  BIGRAM  
                smallconst                     000800  000006  000806       400       0  SMALLCON
                text8                          000806  001102  001908       403       0  CODE    
                idloc                          200000  000010  200010    200000       0  IDLOC   
                config                         300000  00000A  30000A    300000       0  CONFIG  


UNUSED ADDRESS RANGES

        Name                Unused          Largest block    Delta
        BANK4            0004E0-0004FF               20
        BANK5            000500-0005FF              100
        BANK6            000600-0006FF              100
        BANK7            000700-0007FF              100
        BIGRAM           000036-00005F               2A
                         0004E0-0007FF              320
        CODE             000004-000007                4
                         00001E-0007FF              7E2
                         001908-007FFF             66F8
        COMRAM           000036-00005F               2A
        CONST            000004-000007                4
                         00001E-0007FF              7E2
                         001908-007FFF             66F8
        EEDATA           310000-3103FF              400
        MEDIUMCONST      001908-007FFF             66F8
        RAM              0004E0-0007FF              100
        SFR              003700-003FFF              100
        SMALLCONST       001908-007FFF              100
        STACK            0004E0-0007FF              320

                                  Symbol Table

?_ADCC_GetConversionResult           cstackCOMRAM 000003
?_TMR0_ReadTimer                     cstackCOMRAM 000003
?___flmul                            cstackCOMRAM 000011
?___xxtofl                           cstackCOMRAM 000003
?_get_adc                            cstackCOMRAM 000007
ADCC_StartConversion@channel         cstackCOMRAM 000003
I2C1_ISR@I2C1_data                   cstackCOMRAM 000002
I2C1_StatusCallback@eepromAddress    bssCOMRAM    000033
I2C1_StatusCallback@i2c1_bus_state   cstackCOMRAM 000001
I2C1_StatusCallback@slaveWriteType   bssCOMRAM    000032
IVTBASEH                             (abs)        003FD6
IVTBASEL                             (abs)        003FD5
IVTBASEU                             (abs)        003FD7
TMR0_ReadTimer@readVal               cstackCOMRAM 000007
TMR0_ReadTimer@readValHigh           cstackCOMRAM 00000A
TMR0_ReadTimer@readValLow            cstackCOMRAM 000009
_ADACCH                              (abs)        003EE9
_ADACCL                              (abs)        003EE8
_ADACCU                              (abs)        003EEA
_ADACQH                              (abs)        003EF4
_ADACQL                              (abs)        003EF3
_ADACT                               (abs)        003EFE
_ADCAP                               (abs)        003EF5
_ADCC_GetConversionResult            text6        0018BC
_ADCC_Initialize                     text20       001668
_ADCC_IsConversionDone               text5        0018A2
_ADCC_StartConversion                text4        0018D6
_ADCLK                               (abs)        003EFF
_ADCNT                               (abs)        003EEB
_ADCON0                              (abs)        003EF8
_ADCON0bits                          (abs)        003EF8
_ADCON1                              (abs)        003EF9
_ADCON1bits                          (abs)        003EF9
_ADCON2                              (abs)        003EFA
_ADCON2bits                          (abs)        003EFA
_ADCON3                              (abs)        003EFB
_ADCON3bits                          (abs)        003EFB
_ADERRH                              (abs)        003EE3
_ADERRL                              (abs)        003EE2
_ADFLTRH                             (abs)        003EE7
_ADFLTRL                             (abs)        003EE6
_ADLTHH                              (abs)        003EDF
_ADLTHL                              (abs)        003EDE
_ADPCH                               (abs)        003EF1
_ADPREH                              (abs)        003EF7
_ADPREL                              (abs)        003EF6
_ADPREVH                             (abs)        003EEE
_ADPREVL                             (abs)        003EED
_ADREF                               (abs)        003EFD
_ADRESH                              (abs)        003EF0
_ADRESL                              (abs)        003EEF
_ADRPT                               (abs)        003EEC
_ADSTAT                              (abs)        003EFC
_ADSTATbits                          (abs)        003EFC
_ADSTPTH                             (abs)        003EE5
_ADSTPTL                             (abs)        003EE4
_ADUTHH                              (abs)        003EE1
_ADUTHL                              (abs)        003EE0
_ANSELA                              (abs)        003A40
_ANSELB                              (abs)        003A50
_ANSELC                              (abs)        003A60
_I2C1ADR0                            (abs)        003D6F
_I2C1ADR1                            (abs)        003D70
_I2C1ADR2                            (abs)        003D71
_I2C1ADR3                            (abs)        003D72
_I2C1CLK                             (abs)        003D7B
_I2C1CNT                             (abs)        003D6C
_I2C1CON0                            (abs)        003D73
_I2C1CON0bits                        (abs)        003D73
_I2C1CON1                            (abs)        003D74
_I2C1CON2                            (abs)        003D75
_I2C1ERR                             (abs)        003D76
_I2C1ERRbits                         (abs)        003D76
_I2C1PIEbits                         (abs)        003D7A
_I2C1PIR                             (abs)        003D79
_I2C1PIRbits                         (abs)        003D79
_I2C1RXB                             (abs)        003D6A
_I2C1SCLPPS                          (abs)        003AE3
_I2C1SDAPPS                          (abs)        003AE4
_I2C1STAT0bits                       (abs)        003D77
_I2C1STAT1bits                       (abs)        003D78
_I2C1TXB                             (abs)        003D6B
_I2C1_ISR                            text22       0012FA
_I2C1_Initialize                     text19       001778
_I2C1_StatusCallback                 text23       00140A
_I2C1_buffer                         bssBANK0     000060
_I2C1_slaveWriteData                 dataCOMRAM   000035
_INTCON0bits                         (abs)        003FD2
_INTERRUPT_Initialize                text18       001900
_INTERRUPT_InterruptManager          text21       0014F6
_LATA                                (abs)        003FBA
_LATAbits                            (abs)        003FBA
_LATB                                (abs)        003FBB
_LATBbits                            (abs)        003FBB
_LATC                                (abs)        003FBC
_ODCONA                              (abs)        003A42
_ODCONB                              (abs)        003A52
_ODCONC                              (abs)        003A62
_OSCCON1                             (abs)        0039D9
_OSCCON3                             (abs)        0039DB
_OSCEN                               (abs)        0039DD
_OSCFRQ                              (abs)        0039DF
_OSCILLATOR_Initialize               text17       001806
_OSCTUNE                             (abs)        0039DE
_PIE2bits                            (abs)        003992
_PIE3bits                            (abs)        003993
_PIN_MANAGER_Initialize              text16       00160C
_PIR2bits                            (abs)        0039A2
_PIR3bits                            (abs)        0039A3
_PLLR                                (abs)        01CEE0
_PMD0                                (abs)        0039C0
_PMD1                                (abs)        0039C1
_PMD2                                (abs)        0039C2
_PMD3                                (abs)        0039C3
_PMD4                                (abs)        0039C4
_PMD5                                (abs)        0039C5
_PMD6                                (abs)        0039C6
_PMD7                                (abs)        0039C7
_PMD_Initialize                      text15       001860
_RC3PPS                              (abs)        003A13
_RC4PPS                              (abs)        003A14
_SLRCONA                             (abs)        003A43
_SLRCONB                             (abs)        003A53
_SLRCONC                             (abs)        003A63
_SYSTEM_Initialize                   text13       001884
_T0CON0                              (abs)        003FB8
_T0CON0bits                          (abs)        003FB8
_T0CON1                              (abs)        003FB9
_TMR0H                               (abs)        003FB7
_TMR0L                               (abs)        003FB6
_TMR0_Initialize                     text14       0017D2
_TMR0_ReadTimer                      text12       001834
_TMR0_Reload                         text11       0018E6
_TMR0_StartTimer                     text10       0018FA
_TMR0_StopTimer                      text9        0018F4
_TRISA                               (abs)        003FC2
_TRISB                               (abs)        003FC3
_TRISC                               (abs)        003FC4
_WPUA                                (abs)        003A41
_WPUB                                (abs)        003A51
_WPUC                                (abs)        003A61
_WPUE                                (abs)        003A81
__CFG_BBEN$OFF                       (abs)        000000
__CFG_BBSIZE$BBSIZE_512              (abs)        000000
__CFG_BOREN$SBORDIS                  (abs)        000000
__CFG_BORV$VBOR_2P45                 (abs)        000000
__CFG_CLKOUTEN$OFF                   (abs)        000000
__CFG_CP$OFF                         (abs)        000000
__CFG_CSWEN$ON                       (abs)        000000
__CFG_DEBUG$ON                       (abs)        000000
__CFG_FCMEN$ON                       (abs)        000000
__CFG_FEXTOSC$HS                     (abs)        000000
__CFG_IVT1WAY$ON                     (abs)        000000
__CFG_LPBOREN$OFF                    (abs)        000000
__CFG_LVP$OFF                        (abs)        000000
__CFG_MCLRE$EXTMCLR                  (abs)        000000
__CFG_MVECEN$OFF                     (abs)        000000
__CFG_PPS1WAY$ON                     (abs)        000000
__CFG_PR1WAY$ON                      (abs)        000000
__CFG_PWRTS$PWRT_OFF                 (abs)        000000
__CFG_RSTOSC$EXTOSC_4PLL             (abs)        000000
__CFG_SAFEN$OFF                      (abs)        000000
__CFG_STVREN$ON                      (abs)        000000
__CFG_WDTCCS$SC                      (abs)        000000
__CFG_WDTCPS$WDTCPS_31               (abs)        000000
__CFG_WDTCWS$WDTCWS_7                (abs)        000000
__CFG_WDTE$OFF                       (abs)        000000
__CFG_WRTAPP$OFF                     (abs)        000000
__CFG_WRTB$OFF                       (abs)        000000
__CFG_WRTC$OFF                       (abs)        000000
__CFG_WRTD$OFF                       (abs)        000000
__CFG_WRTSAF$OFF                     (abs)        000000
__CFG_XINST$OFF                      (abs)        000000
__CFG_ZCD$OFF                        (abs)        000000
__HRAM                               (abs)        000000
__Habs1                              abs1         000000
__Hbank0                             bank0        000000
__Hbank1                             bank1        000000
__Hbank2                             bank2        000000
__Hbank3                             bank3        000000
__Hbank4                             bank4        000000
__Hbank5                             bank5        000000
__Hbank6                             bank6        000000
__Hbank7                             bank7        000000
__Hbigbss                            bigbss       000000
__Hbigdata                           bigdata      000000
__Hbigram                            bigram       000000
__Hbss                               bss          000000
__HbssBANK0                          bssBANK0     000000
__HbssBIGRAM                         bssBIGRAM    000000
__HbssCOMRAM                         bssCOMRAM    000000
__Hcinit                             cinit        000000
__Hclrtext                           clrtext      000000
__Hcomram                            comram       000000
__Hconfig                            config       30000A
__Hconst                             const        000000
__HcstackCOMRAM                      cstackCOMRAM 000000
__Hdata                              data         000000
__HdataCOMRAM                        dataCOMRAM   000000
__Heeprom_data                       eeprom_data  000000
__Hfarbss                            farbss       000000
__Hfardata                           fardata      000000
__Hibigdata                          ibigdata     000000
__Hidata                             idata        000000
__HidataCOMRAM                       idataCOMRAM  000000
__Hidloc                             idloc        200010
__Hifardata                          ifardata     000000
__Hinit                              init         00001E
__Hintsave_regs                      intsave_regs 000000
__Hirdata                            irdata       000000
__Hivt0x8                            ivt0x8       00001A
__Hmediumconst                       mediumconst  000000
__HnvFARRAM                          nvFARRAM     000000
__Hnvbit                             nvbit        000000
__Hnvrram                            nvrram       000000
__Hparam                             rparam       000000
__Hpowerup                           powerup      000000
__Hram                               ram          000000
__Hramtop                            ramtop       000800
__Hrbit                              rbit         000000
__Hrbss                              rbss         000000
__Hrdata                             rdata        000000
__Hreset_vec                         reset_vec    000004
__Hrparam                            rparam       000000
__Hsfr                               sfr          000000
__Hsmallconst                        smallconst   000806
__Hspace_0                           (abs)        30000A
__Hspace_1                           (abs)        0004E0
__Hspace_2                           (abs)        000000
__Hstack                             stack        000000
__Hstruct                            struct       000000
__Htemp                              temp         000000
__Htext                              text         000000
__Htext0                             text0        000000
__Htext1                             text1        000000
__Htext10                            text10       000000
__Htext11                            text11       000000
__Htext12                            text12       000000
__Htext13                            text13       000000
__Htext14                            text14       000000
__Htext15                            text15       000000
__Htext16                            text16       000000
__Htext17                            text17       000000
__Htext18                            text18       000000
__Htext19                            text19       000000
__Htext2                             text2        000000
__Htext20                            text20       000000
__Htext21                            text21       000000
__Htext22                            text22       000000
__Htext23                            text23       000000
__Htext3                             text3        000000
__Htext4                             text4        000000
__Htext5                             text5        000000
__Htext6                             text6        000000
__Htext7                             text7        000000
__Htext8                             text8        000000
__Htext9                             text9        000000
__LRAM                               (abs)        000001
__Labs1                              abs1         000000
__Lbank0                             bank0        000000
__Lbank1                             bank1        000000
__Lbank2                             bank2        000000
__Lbank3                             bank3        000000
__Lbank4                             bank4        000000
__Lbank5                             bank5        000000
__Lbank6                             bank6        000000
__Lbank7                             bank7        000000
__Lbigbss                            bigbss       000000
__Lbigdata                           bigdata      000000
__Lbigram                            bigram       000000
__Lbss                               bss          000000
__LbssBANK0                          bssBANK0     000000
__LbssBIGRAM                         bssBIGRAM    000000
__LbssCOMRAM                         bssCOMRAM    000000
__Lcinit                             cinit        000000
__Lclrtext                           clrtext      000000
__Lcomram                            comram       000000
__Lconfig                            config       300000
__Lconst                             const        000000
__LcstackCOMRAM                      cstackCOMRAM 000000
__Ldata                              data         000000
__LdataCOMRAM                        dataCOMRAM   000000
__Leeprom_data                       eeprom_data  000000
__Lfarbss                            farbss       000000
__Lfardata                           fardata      000000
__Libigdata                          ibigdata     000000
__Lidata                             idata        000000
__LidataCOMRAM                       idataCOMRAM  000000
__Lidloc                             idloc        200000
__Lifardata                          ifardata     000000
__Linit                              init         00001A
__Lintsave_regs                      intsave_regs 000000
__Lirdata                            irdata       000000
__Livt0x8                            ivt0x8       000008
__Lmediumconst                       mediumconst  000000
__LnvFARRAM                          nvFARRAM     000000
__Lnvbit                             nvbit        000000
__Lnvrram                            nvrram       000000
__Lparam                             rparam       000000
__Lpowerup                           powerup      000000
__Lram                               ram          000000
__Lramtop                            ramtop       000800
__Lrbit                              rbit         000000
__Lrbss                              rbss         000000
__Lrdata                             rdata        000000
__Lreset_vec                         reset_vec    000000
__Lrparam                            rparam       000000
__Lsfr                               sfr          000000
__Lsmallconst                        smallconst   000800
__Lspace_0                           (abs)        000000
__Lspace_1                           (abs)        000000
__Lspace_2                           (abs)        000000
__Lstack                             stack        000000
__Lstruct                            struct       000000
__Ltemp                              temp         000000
__Ltext                              text         000000
__Ltext0                             text0        000000
__Ltext1                             text1        000000
__Ltext10                            text10       000000
__Ltext11                            text11       000000
__Ltext12                            text12       000000
__Ltext13                            text13       000000
__Ltext14                            text14       000000
__Ltext15                            text15       000000
__Ltext16                            text16       000000
__Ltext17                            text17       000000
__Ltext18                            text18       000000
__Ltext19                            text19       000000
__Ltext2                             text2        000000
__Ltext20                            text20       000000
__Ltext21                            text21       000000
__Ltext22                            text22       000000
__Ltext23                            text23       000000
__Ltext3                             text3        000000
__Ltext4                             text4        000000
__Ltext5                             text5        000000
__Ltext6                             text6        000000
__Ltext7                             text7        000000
__Ltext8                             text8        000000
__Ltext9                             text9        000000
__S0                                 (abs)        30000A
__S1                                 (abs)        0004E0
__S2                                 (abs)        000000
___flmul                             text8        000806
___flmul@a                           cstackCOMRAM 000015
___flmul@aexp                        cstackCOMRAM 000022
___flmul@b                           cstackCOMRAM 000011
___flmul@bexp                        cstackCOMRAM 000023
___flmul@grs                         cstackCOMRAM 00001E
___flmul@prod                        cstackCOMRAM 000024
___flmul@sign                        cstackCOMRAM 00001D
___flmul@temp                        cstackCOMRAM 000028
___inthi_sp                          stack        000000
___intlo_sp                          stack        000000
___param_bank                        (abs)        000000
___rparam_used                       (abs)        000001
___sp                                stack        000000
___xxtofl                            text7        000EFC
___xxtofl@arg                        cstackCOMRAM 00000D
___xxtofl@exp                        cstackCOMRAM 00000C
___xxtofl@sign                       cstackCOMRAM 00000B
___xxtofl@val                        cstackCOMRAM 000003
__accesstop                          (abs)        000060
__activetblptr                       (abs)        000002
__end_of_ADCC_GetConversionResult    text6        0018D6
__end_of_ADCC_Initialize             text20       0016C4
__end_of_ADCC_IsConversionDone       text5        0018BC
__end_of_ADCC_StartConversion        text4        0018E6
__end_of_I2C1_ISR                    text22       00140A
__end_of_I2C1_Initialize             text19       0017D2
__end_of_I2C1_StatusCallback         text23       0014F6
__end_of_INTERRUPT_Initialize        text18       001906
__end_of_INTERRUPT_InterruptManager  text21       00159A
__end_of_OSCILLATOR_Initialize       text17       001834
__end_of_PIN_MANAGER_Initialize      text16       001668
__end_of_PMD_Initialize              text15       001884
__end_of_SYSTEM_Initialize           text13       0018A2
__end_of_TMR0_Initialize             text14       001806
__end_of_TMR0_ReadTimer              text12       001860
__end_of_TMR0_Reload                 text11       0018F4
__end_of_TMR0_StartTimer             text10       001900
__end_of_TMR0_StopTimer              text9        0018FA
__end_of___flmul                     text8        000CD4
__end_of___xxtofl                    text7        0010FC
__end_of__initialization             cinit        001714
__end_of_get_adc                     text2        00160C
__end_of_main                        text0        0012FA
__end_of_resolution                  smallconst   000805
__end_of_set_buffer_16               text1        001778
__end_of_set_channel                 text3        000EFC
__initialization                     cinit        0016C4
__mediumconst                        mediumconst  000000
__pbssBANK0                          bssBANK0     000060
__pbssBIGRAM                         bssBIGRAM    0000E0
__pbssCOMRAM                         bssCOMRAM    000030
__pcinit                             cinit        0016C4
__pcstackCOMRAM                      cstackCOMRAM 000001
__pdataCOMRAM                        dataCOMRAM   000034
__pidataCOMRAM                       idataCOMRAM  001906
__pivt0x8                            ivt0x8       000008
__psmallconst                        smallconst   000800
__ptext0                             text0        0010FC
__ptext1                             text1        00171E
__ptext10                            text10       0018FA
__ptext11                            text11       0018E6
__ptext12                            text12       001834
__ptext13                            text13       001884
__ptext14                            text14       0017D2
__ptext15                            text15       001860
__ptext16                            text16       00160C
__ptext17                            text17       001806
__ptext18                            text18       001900
__ptext19                            text19       001778
__ptext2                             text2        00159A
__ptext20                            text20       001668
__ptext21                            text21       0014F6
__ptext22                            text22       0012FA
__ptext23                            text23       00140A
__ptext3                             text3        000CD4
__ptext4                             text4        0018D6
__ptext5                             text5        0018A2
__ptext6                             text6        0018BC
__ptext7                             text7        000EFC
__ptext8                             text8        000806
__ptext9                             text9        0018F4
__ramtop                             ramtop       000800
__size_of_ADCC_GetConversionResult   (abs)        000000
__size_of_ADCC_Initialize            (abs)        000000
__size_of_ADCC_IsConversionDone      (abs)        000000
__size_of_ADCC_StartConversion       (abs)        000000
__size_of_I2C1_ISR                   (abs)        000000
__size_of_I2C1_Initialize            (abs)        000000
__size_of_I2C1_StatusCallback        (abs)        000000
__size_of_INTERRUPT_Initialize       (abs)        000000
__size_of_INTERRUPT_InterruptManager (abs)        000000
__size_of_OSCILLATOR_Initialize      (abs)        000000
__size_of_PIN_MANAGER_Initialize     (abs)        000000
__size_of_PMD_Initialize             (abs)        000000
__size_of_SYSTEM_Initialize          (abs)        000000
__size_of_TMR0_Initialize            (abs)        000000
__size_of_TMR0_ReadTimer             (abs)        000000
__size_of_TMR0_Reload                (abs)        000000
__size_of_TMR0_StartTimer            (abs)        000000
__size_of_TMR0_StopTimer             (abs)        000000
__size_of___flmul                    (abs)        000000
__size_of___xxtofl                   (abs)        000000
__size_of_get_adc                    (abs)        000000
__size_of_main                       (abs)        000000
__size_of_set_buffer_16              (abs)        000000
__size_of_set_channel                (abs)        000000
__smallconst                         smallconst   000800
_buf                                 bssBIGRAM    0002E0
_buf2                                bssBIGRAM    0000E0
_get_adc                             text2        00159A
_main                                text0        0010FC
_resolution                          smallconst   000801
_set_buffer_16                       text1        00171E
_set_channel                         text3        000CD4
_timer0ReloadVal16bit                bssCOMRAM    000030
end_of_initialization                cinit        001714
get_adc@channel                      cstackCOMRAM 00000A
intlevel0                            text         000000
intlevel1                            text         000000
intlevel2                            text         000000
intlevel3                            text         000000
ivt0x8_base                          ivt0x8       000008
main@i                               cstackCOMRAM 00002E
main@i_1306                          cstackCOMRAM 00002F
main@result                          cstackCOMRAM 00002C
set_buffer_16@data_in                cstackCOMRAM 00000B
set_buffer_16@reg                    cstackCOMRAM 00000F
set_channel@channel                  cstackCOMRAM 000003
stackhi                              (abs)        0007FF
stacklo                              (abs)        0004E0
start                                init         00001A
start_initialization                 cinit        0016C4


FUNCTION INFORMATION:

 *************** function _main *****************
 Defined at:
		line 92 in file "main.c"
 Parameters:    Size  Location     Type
		None
 Auto vars:     Size  Location     Type
  result          2   43[COMRAM] unsigned int 
  i               1   46[COMRAM] unsigned char 
  i               1   45[COMRAM] unsigned char 
 Return value:  Size  Location     Type
                  1    wreg      void 
 Registers used:
		wreg, fsr2l, fsr2h, status,2, status,0, tblptrl, tblptrh, tblptru, prodl, prodh, cstack
 Tracked objects:
		On entry : 
		On exit  : 
		Unchanged: 
 Data sizes:     COMRAM   BANK0   BANK1   BANK2   BANK3   BANK4   BANK5   BANK6   BANK7
      Params:         0       0       0       0       0       0       0       0       0
      Locals:         4       0       0       0       0       0       0       0       0
      Temps:          2       0       0       0       0       0       0       0       0
      Totals:         6       0       0       0       0       0       0       0       0
Total ram usage:        6 bytes
 Hardware stack levels required when called:    5
 This function calls:
		_SYSTEM_Initialize
		_TMR0_ReadTimer
		_TMR0_Reload
		_TMR0_StartTimer
		_TMR0_StopTimer
		___flmul
		___xxtofl
		_get_adc
		_set_buffer_16
 This function is called by:
		Startup code after reset
 This function uses a non-reentrant model


 *************** function _set_buffer_16 *****************
 Defined at:
		line 296 in file "mcc_generated_files/i2c1.c"
 Parameters:    Size  Location     Type
  reg             1    wreg     const unsigned char 
  data_in         2   10[COMRAM] const unsigned int 
 Auto vars:     Size  Location     Type
  reg             1   14[COMRAM] const unsigned char 
 Return value:  Size  Location     Type
                  1    wreg      void 
 Registers used:
		wreg, fsr2l, fsr2h, status,2, status,0, prodl, prodh
 Tracked objects:
		On entry : 
		On exit  : 
		Unchanged: 
 Data sizes:     COMRAM   BANK0   BANK1   BANK2   BANK3   BANK4   BANK5   BANK6   BANK7
      Params:         2       0       0       0       0       0       0       0       0
      Locals:         1       0       0       0       0       0       0       0       0
      Temps:          2       0       0       0       0       0       0       0       0
      Totals:         5       0       0       0       0       0       0       0       0
Total ram usage:        5 bytes
 Hardware stack levels used:    1
 Hardware stack levels required when called:    3
 This function calls:
		Nothing
 This function is called by:
		_main
 This function uses a non-reentrant model


 *************** function _get_adc *****************
 Defined at:
		line 79 in file "main.c"
 Parameters:    Size  Location     Type
  channel         1    wreg     const unsigned char 
 Auto vars:     Size  Location     Type
  channel         1    9[COMRAM] const unsigned char 
 Return value:  Size  Location     Type
                  2    6[COMRAM] unsigned int 
 Registers used:
		wreg, status,2, status,0, cstack
 Tracked objects:
		On entry : 
		On exit  : 
		Unchanged: 
 Data sizes:     COMRAM   BANK0   BANK1   BANK2   BANK3   BANK4   BANK5   BANK6   BANK7
      Params:         2       0       0       0       0       0       0       0       0
      Locals:         1       0       0       0       0       0       0       0       0
      Temps:          1       0       0       0       0       0       0       0       0
      Totals:         4       0       0       0       0       0       0       0       0
Total ram usage:        4 bytes
 Hardware stack levels used:    1
 Hardware stack levels required when called:    4
 This function calls:
		_ADCC_GetConversionResult
		_ADCC_IsConversionDone
		_ADCC_StartConversion
		_set_channel
 This function is called by:
		_main
 This function uses a non-reentrant model


 *************** function _set_channel *****************
 Defined at:
		line 51 in file "main.c"
 Parameters:    Size  Location     Type
  channel         1    wreg     const unsigned char 
 Auto vars:     Size  Location     Type
  channel         1    2[COMRAM] const unsigned char 
 Return value:  Size  Location     Type
                  1    wreg      void 
 Registers used:
		wreg, status,2, status,0
 Tracked objects:
		On entry : 
		On exit  : 
		Unchanged: 
 Data sizes:     COMRAM   BANK0   BANK1   BANK2   BANK3   BANK4   BANK5   BANK6   BANK7
      Params:         0       0       0       0       0       0       0       0       0
      Locals:         1       0       0       0       0       0       0       0       0
      Temps:          0       0       0       0       0       0       0       0       0
      Totals:         1       0       0       0       0       0       0       0       0
Total ram usage:        1 bytes
 Hardware stack levels used:    1
 Hardware stack levels required when called:    3
 This function calls:
		Nothing
 This function is called by:
		_get_adc
 This function uses a non-reentrant model


 *************** function _ADCC_StartConversion *****************
 Defined at:
		line 113 in file "mcc_generated_files/adcc.c"
 Parameters:    Size  Location     Type
  channel         1    wreg     enum E22430
 Auto vars:     Size  Location     Type
  channel         1    2[COMRAM] enum E22430
 Return value:  Size  Location     Type
                  1    wreg      void 
 Registers used:
		wreg
 Tracked objects:
		On entry : 
		On exit  : 
		Unchanged: 
 Data sizes:     COMRAM   BANK0   BANK1   BANK2   BANK3   BANK4   BANK5   BANK6   BANK7
      Params:         0       0       0       0       0       0       0       0       0
      Locals:         1       0       0       0       0       0       0       0       0
      Temps:          0       0       0       0       0       0       0       0       0
      Totals:         1       0       0       0       0       0       0       0       0
Total ram usage:        1 bytes
 Hardware stack levels used:    1
 Hardware stack levels required when called:    3
 This function calls:
		Nothing
 This function is called by:
		_get_adc
 This function uses a non-reentrant model


 *************** function _ADCC_IsConversionDone *****************
 Defined at:
		line 125 in file "mcc_generated_files/adcc.c"
 Parameters:    Size  Location     Type
		None
 Auto vars:     Size  Location     Type
		None
 Return value:  Size  Location     Type
                  1    wreg      unsigned char 
 Registers used:
		wreg
 Tracked objects:
		On entry : 
		On exit  : 
		Unchanged: 
 Data sizes:     COMRAM   BANK0   BANK1   BANK2   BANK3   BANK4   BANK5   BANK6   BANK7
      Params:         0       0       0       0       0       0       0       0       0
      Locals:         0       0       0       0       0       0       0       0       0
      Temps:          0       0       0       0       0       0       0       0       0
      Totals:         0       0       0       0       0       0       0       0       0
Total ram usage:        0 bytes
 Hardware stack levels used:    1
 Hardware stack levels required when called:    3
 This function calls:
		Nothing
 This function is called by:
		_get_adc
 This function uses a non-reentrant model


 *************** function _ADCC_GetConversionResult *****************
 Defined at:
		line 131 in file "mcc_generated_files/adcc.c"
 Parameters:    Size  Location     Type
		None
 Auto vars:     Size  Location     Type
		None
 Return value:  Size  Location     Type
                  2    2[COMRAM] unsigned int 
 Registers used:
		wreg, status,2, status,0
 Tracked objects:
		On entry : 
		On exit  : 
		Unchanged: 
 Data sizes:     COMRAM   BANK0   BANK1   BANK2   BANK3   BANK4   BANK5   BANK6   BANK7
      Params:         2       0       0       0       0       0       0       0       0
      Locals:         0       0       0       0       0       0       0       0       0
      Temps:          2       0       0       0       0       0       0       0       0
      Totals:         4       0       0       0       0       0       0       0       0
Total ram usage:        4 bytes
 Hardware stack levels used:    1
 Hardware stack levels required when called:    3
 This function calls:
		Nothing
 This function is called by:
		_get_adc
 This function uses a non-reentrant model


 *************** function ___xxtofl *****************
 Defined at:
		line 10 in file "C:\Program Files (x86)\Microchip\xc8\v2.00\pic\sources\c90\common\xxtofl.c"
 Parameters:    Size  Location     Type
  sign            1    wreg     unsigned char 
  val             4    2[COMRAM] long 
 Auto vars:     Size  Location     Type
  sign            1   10[COMRAM] unsigned char 
  arg             4   12[COMRAM] unsigned long 
  exp             1   11[COMRAM] unsigned char 
 Return value:  Size  Location     Type
                  4    2[COMRAM] unsigned char 
 Registers used:
		wreg, status,2, status,0
 Tracked objects:
		On entry : 
		On exit  : 
		Unchanged: 
 Data sizes:     COMRAM   BANK0   BANK1   BANK2   BANK3   BANK4   BANK5   BANK6   BANK7
      Params:         4       0       0       0       0       0       0       0       0
      Locals:         6       0       0       0       0       0       0       0       0
      Temps:          4       0       0       0       0       0       0       0       0
      Totals:        14       0       0       0       0       0       0       0       0
Total ram usage:       14 bytes
 Hardware stack levels used:    1
 Hardware stack levels required when called:    3
 This function calls:
		Nothing
 This function is called by:
		_main
 This function uses a non-reentrant model


 *************** function ___flmul *****************
 Defined at:
		line 8 in file "C:\Program Files (x86)\Microchip\xc8\v2.00\pic\sources\c90\common\sprcmul.c"
 Parameters:    Size  Location     Type
  b               4   16[COMRAM] unsigned char 
  a               4   20[COMRAM] unsigned char 
 Auto vars:     Size  Location     Type
  prod            4   35[COMRAM] struct .
  grs             4   29[COMRAM] unsigned long 
  temp            2   39[COMRAM] struct .
  bexp            1   34[COMRAM] unsigned char 
  aexp            1   33[COMRAM] unsigned char 
  sign            1   28[COMRAM] unsigned char 
 Return value:  Size  Location     Type
                  4   16[COMRAM] unsigned char 
 Registers used:
		wreg, status,2, status,0, prodl, prodh
 Tracked objects:
		On entry : 
		On exit  : 
		Unchanged: 
 Data sizes:     COMRAM   BANK0   BANK1   BANK2   BANK3   BANK4   BANK5   BANK6   BANK7
      Params:         8       0       0       0       0       0       0       0       0
      Locals:        13       0       0       0       0       0       0       0       0
      Temps:          4       0       0       0       0       0       0       0       0
      Totals:        25       0       0       0       0       0       0       0       0
Total ram usage:       25 bytes
 Hardware stack levels used:    1
 Hardware stack levels required when called:    3
 This function calls:
		Nothing
 This function is called by:
		_main
 This function uses a non-reentrant model


 *************** function _TMR0_StopTimer *****************
 Defined at:
		line 94 in file "mcc_generated_files/tmr0.c"
 Parameters:    Size  Location     Type
		None
 Auto vars:     Size  Location     Type
		None
 Return value:  Size  Location     Type
                  1    wreg      void 
 Registers used:
		None
 Tracked objects:
		On entry : 
		On exit  : 
		Unchanged: 
 Data sizes:     COMRAM   BANK0   BANK1   BANK2   BANK3   BANK4   BANK5   BANK6   BANK7
      Params:         0       0       0       0       0       0       0       0       0
      Locals:         0       0       0       0       0       0       0       0       0
      Temps:          0       0       0       0       0       0       0       0       0
      Totals:         0       0       0       0       0       0       0       0       0
Total ram usage:        0 bytes
 Hardware stack levels used:    1
 Hardware stack levels required when called:    3
 This function calls:
		Nothing
 This function is called by:
		_main
 This function uses a non-reentrant model


 *************** function _TMR0_StartTimer *****************
 Defined at:
		line 88 in file "mcc_generated_files/tmr0.c"
 Parameters:    Size  Location     Type
		None
 Auto vars:     Size  Location     Type
		None
 Return value:  Size  Location     Type
                  1    wreg      void 
 Registers used:
		None
 Tracked objects:
		On entry : 
		On exit  : 
		Unchanged: 
 Data sizes:     COMRAM   BANK0   BANK1   BANK2   BANK3   BANK4   BANK5   BANK6   BANK7
      Params:         0       0       0       0       0       0       0       0       0
      Locals:         0       0       0       0       0       0       0       0       0
      Temps:          0       0       0       0       0       0       0       0       0
      Totals:         0       0       0       0       0       0       0       0       0
Total ram usage:        0 bytes
 Hardware stack levels used:    1
 Hardware stack levels required when called:    3
 This function calls:
		Nothing
 This function is called by:
		_main
 This function uses a non-reentrant model


 *************** function _TMR0_Reload *****************
 Defined at:
		line 120 in file "mcc_generated_files/tmr0.c"
 Parameters:    Size  Location     Type
		None
 Auto vars:     Size  Location     Type
		None
 Return value:  Size  Location     Type
                  1    wreg      void 
 Registers used:
		wreg, status,2
 Tracked objects:
		On entry : 
		On exit  : 
		Unchanged: 
 Data sizes:     COMRAM   BANK0   BANK1   BANK2   BANK3   BANK4   BANK5   BANK6   BANK7
      Params:         0       0       0       0       0       0       0       0       0
      Locals:         0       0       0       0       0       0       0       0       0
      Temps:          0       0       0       0       0       0       0       0       0
      Totals:         0       0       0       0       0       0       0       0       0
Total ram usage:        0 bytes
 Hardware stack levels used:    1
 Hardware stack levels required when called:    3
 This function calls:
		Nothing
 This function is called by:
		_main
 This function uses a non-reentrant model


 *************** function _TMR0_ReadTimer *****************
 Defined at:
		line 100 in file "mcc_generated_files/tmr0.c"
 Parameters:    Size  Location     Type
		None
 Auto vars:     Size  Location     Type
  readVal         2    6[COMRAM] unsigned int 
  readValHigh     1    9[COMRAM] unsigned char 
  readValLow      1    8[COMRAM] unsigned char 
 Return value:  Size  Location     Type
                  2    2[COMRAM] unsigned int 
 Registers used:
		wreg, status,2
 Tracked objects:
		On entry : 
		On exit  : 
		Unchanged: 
 Data sizes:     COMRAM   BANK0   BANK1   BANK2   BANK3   BANK4   BANK5   BANK6   BANK7
      Params:         2       0       0       0       0       0       0       0       0
      Locals:         4       0       0       0       0       0       0       0       0
      Temps:          2       0       0       0       0       0       0       0       0
      Totals:         8       0       0       0       0       0       0       0       0
Total ram usage:        8 bytes
 Hardware stack levels used:    1
 Hardware stack levels required when called:    3
 This function calls:
		Nothing
 This function is called by:
		_main
 This function uses a non-reentrant model


 *************** function _SYSTEM_Initialize *****************
 Defined at:
		line 50 in file "mcc_generated_files/mcc.c"
 Parameters:    Size  Location     Type
		None
 Auto vars:     Size  Location     Type
		None
 Return value:  Size  Location     Type
                  1    wreg      void 
 Registers used:
		wreg, status,2, status,0, cstack
 Tracked objects:
		On entry : 
		On exit  : 
		Unchanged: 
 Data sizes:     COMRAM   BANK0   BANK1   BANK2   BANK3   BANK4   BANK5   BANK6   BANK7
      Params:         0       0       0       0       0       0       0       0       0
      Locals:         0       0       0       0       0       0       0       0       0
      Temps:          0       0       0       0       0       0       0       0       0
      Totals:         0       0       0       0       0       0       0       0       0
Total ram usage:        0 bytes
 Hardware stack levels used:    1
 Hardware stack levels required when called:    4
 This function calls:
		_ADCC_Initialize
		_I2C1_Initialize
		_INTERRUPT_Initialize
		_OSCILLATOR_Initialize
		_PIN_MANAGER_Initialize
		_PMD_Initialize
		_TMR0_Initialize
 This function is called by:
		_main
 This function uses a non-reentrant model


 *************** function _TMR0_Initialize *****************
 Defined at:
		line 65 in file "mcc_generated_files/tmr0.c"
 Parameters:    Size  Location     Type
		None
 Auto vars:     Size  Location     Type
		None
 Return value:  Size  Location     Type
                  1    wreg      void 
 Registers used:
		wreg, status,2, status,0
 Tracked objects:
		On entry : 
		On exit  : 
		Unchanged: 
 Data sizes:     COMRAM   BANK0   BANK1   BANK2   BANK3   BANK4   BANK5   BANK6   BANK7
      Params:         0       0       0       0       0       0       0       0       0
      Locals:         0       0       0       0       0       0       0       0       0
      Temps:          2       0       0       0       0       0       0       0       0
      Totals:         2       0       0       0       0       0       0       0       0
Total ram usage:        2 bytes
 Hardware stack levels used:    1
 Hardware stack levels required when called:    3
 This function calls:
		Nothing
 This function is called by:
		_SYSTEM_Initialize
 This function uses a non-reentrant model


 *************** function _PMD_Initialize *****************
 Defined at:
		line 79 in file "mcc_generated_files/mcc.c"
 Parameters:    Size  Location     Type
		None
 Auto vars:     Size  Location     Type
		None
 Return value:  Size  Location     Type
                  1    wreg      void 
 Registers used:
		wreg, status,2
 Tracked objects:
		On entry : 
		On exit  : 
		Unchanged: 
 Data sizes:     COMRAM   BANK0   BANK1   BANK2   BANK3   BANK4   BANK5   BANK6   BANK7
      Params:         0       0       0       0       0       0       0       0       0
      Locals:         0       0       0       0       0       0       0       0       0
      Temps:          0       0       0       0       0       0       0       0       0
      Totals:         0       0       0       0       0       0       0       0       0
Total ram usage:        0 bytes
 Hardware stack levels used:    1
 Hardware stack levels required when called:    3
 This function calls:
		Nothing
 This function is called by:
		_SYSTEM_Initialize
 This function uses a non-reentrant model


 *************** function _PIN_MANAGER_Initialize *****************
 Defined at:
		line 57 in file "mcc_generated_files/pin_manager.c"
 Parameters:    Size  Location     Type
		None
 Auto vars:     Size  Location     Type
		None
 Return value:  Size  Location     Type
                  1    wreg      void 
 Registers used:
		wreg, status,2
 Tracked objects:
		On entry : 
		On exit  : 
		Unchanged: 
 Data sizes:     COMRAM   BANK0   BANK1   BANK2   BANK3   BANK4   BANK5   BANK6   BANK7
      Params:         0       0       0       0       0       0       0       0       0
      Locals:         0       0       0       0       0       0       0       0       0
      Temps:          0       0       0       0       0       0       0       0       0
      Totals:         0       0       0       0       0       0       0       0       0
Total ram usage:        0 bytes
 Hardware stack levels used:    1
 Hardware stack levels required when called:    3
 This function calls:
		Nothing
 This function is called by:
		_SYSTEM_Initialize
 This function uses a non-reentrant model


 *************** function _OSCILLATOR_Initialize *****************
 Defined at:
		line 61 in file "mcc_generated_files/mcc.c"
 Parameters:    Size  Location     Type
		None
 Auto vars:     Size  Location     Type
		None
 Return value:  Size  Location     Type
                  1    wreg      void 
 Registers used:
		wreg, status,2
 Tracked objects:
		On entry : 
		On exit  : 
		Unchanged: 
 Data sizes:     COMRAM   BANK0   BANK1   BANK2   BANK3   BANK4   BANK5   BANK6   BANK7
      Params:         0       0       0       0       0       0       0       0       0
      Locals:         0       0       0       0       0       0       0       0       0
      Temps:          0       0       0       0       0       0       0       0       0
      Totals:         0       0       0       0       0       0       0       0       0
Total ram usage:        0 bytes
 Hardware stack levels used:    1
 Hardware stack levels required when called:    3
 This function calls:
		Nothing
 This function is called by:
		_SYSTEM_Initialize
 This function uses a non-reentrant model


 *************** function _INTERRUPT_Initialize *****************
 Defined at:
		line 52 in file "mcc_generated_files/interrupt_manager.c"
 Parameters:    Size  Location     Type
		None
 Auto vars:     Size  Location     Type
		None
 Return value:  Size  Location     Type
                  1    wreg      void 
 Registers used:
		None
 Tracked objects:
		On entry : 
		On exit  : 
		Unchanged: 
 Data sizes:     COMRAM   BANK0   BANK1   BANK2   BANK3   BANK4   BANK5   BANK6   BANK7
      Params:         0       0       0       0       0       0       0       0       0
      Locals:         0       0       0       0       0       0       0       0       0
      Temps:          0       0       0       0       0       0       0       0       0
      Totals:         0       0       0       0       0       0       0       0       0
Total ram usage:        0 bytes
 Hardware stack levels used:    1
 Hardware stack levels required when called:    3
 This function calls:
		Nothing
 This function is called by:
		_SYSTEM_Initialize
 This function uses a non-reentrant model


 *************** function _I2C1_Initialize *****************
 Defined at:
		line 86 in file "mcc_generated_files/i2c1.c"
 Parameters:    Size  Location     Type
		None
 Auto vars:     Size  Location     Type
		None
 Return value:  Size  Location     Type
                  1    wreg      void 
 Registers used:
		wreg, status,2
 Tracked objects:
		On entry : 
		On exit  : 
		Unchanged: 
 Data sizes:     COMRAM   BANK0   BANK1   BANK2   BANK3   BANK4   BANK5   BANK6   BANK7
      Params:         0       0       0       0       0       0       0       0       0
      Locals:         0       0       0       0       0       0       0       0       0
      Temps:          0       0       0       0       0       0       0       0       0
      Totals:         0       0       0       0       0       0       0       0       0
Total ram usage:        0 bytes
 Hardware stack levels used:    1
 Hardware stack levels required when called:    3
 This function calls:
		Nothing
 This function is called by:
		_SYSTEM_Initialize
 This function uses a non-reentrant model


 *************** function _ADCC_Initialize *****************
 Defined at:
		line 62 in file "mcc_generated_files/adcc.c"
 Parameters:    Size  Location     Type
		None
 Auto vars:     Size  Location     Type
		None
 Return value:  Size  Location     Type
                  1    wreg      void 
 Registers used:
		wreg, status,2
 Tracked objects:
		On entry : 
		On exit  : 
		Unchanged: 
 Data sizes:     COMRAM   BANK0   BANK1   BANK2   BANK3   BANK4   BANK5   BANK6   BANK7
      Params:         0       0       0       0       0       0       0       0       0
      Locals:         0       0       0       0       0       0       0       0       0
      Temps:          0       0       0       0       0       0       0       0       0
      Totals:         0       0       0       0       0       0       0       0       0
Total ram usage:        0 bytes
 Hardware stack levels used:    1
 Hardware stack levels required when called:    3
 This function calls:
		Nothing
 This function is called by:
		_SYSTEM_Initialize
 This function uses a non-reentrant model


 *************** function _INTERRUPT_InterruptManager *****************
 Defined at:
		line 58 in file "mcc_generated_files/interrupt_manager.c"
 Parameters:    Size  Location     Type
		None
 Auto vars:     Size  Location     Type
		None
 Return value:  Size  Location     Type
                  1    wreg      void 
 Registers used:
		wreg, fsr2l, fsr2h, status,2, status,0, prodl, prodh, cstack
 Tracked objects:
		On entry : 
		On exit  : 
		Unchanged: 
 Data sizes:     COMRAM   BANK0   BANK1   BANK2   BANK3   BANK4   BANK5   BANK6   BANK7
      Params:         0       0       0       0       0       0       0       0       0
      Locals:         0       0       0       0       0       0       0       0       0
      Temps:          0       0       0       0       0       0       0       0       0
      Totals:         0       0       0       0       0       0       0       0       0
Total ram usage:        0 bytes
 Hardware stack levels used:    1
 Hardware stack levels required when called:    2
 This function calls:
		_I2C1_ISR
 This function is called by:
		Interrupt level 2
 This function uses a non-reentrant model


 *************** function _I2C1_ISR *****************
 Defined at:
		line 130 in file "mcc_generated_files/i2c1.c"
 Parameters:    Size  Location     Type
		None
 Auto vars:     Size  Location     Type
  I2C1_data       1    1[COMRAM] unsigned char 
 Return value:  Size  Location     Type
                  1    wreg      void 
 Registers used:
		wreg, fsr2l, fsr2h, status,2, status,0, prodl, prodh, cstack
 Tracked objects:
		On entry : 
		On exit  : 
		Unchanged: 
 Data sizes:     COMRAM   BANK0   BANK1   BANK2   BANK3   BANK4   BANK5   BANK6   BANK7
      Params:         0       0       0       0       0       0       0       0       0
      Locals:         1       0       0       0       0       0       0       0       0
      Temps:          0       0       0       0       0       0       0       0       0
      Totals:         1       0       0       0       0       0       0       0       0
Total ram usage:        1 bytes
 Hardware stack levels used:    1
 Hardware stack levels required when called:    1
 This function calls:
		_I2C1_StatusCallback
 This function is called by:
		_INTERRUPT_InterruptManager
 This function uses a non-reentrant model


 *************** function _I2C1_StatusCallback *****************
 Defined at:
		line 214 in file "mcc_generated_files/i2c1.c"
 Parameters:    Size  Location     Type
  i2c1_bus_sta    1    wreg     enum E22431
 Auto vars:     Size  Location     Type
  i2c1_bus_sta    1    0[COMRAM] enum E22431
 Return value:  Size  Location     Type
                  1    wreg      void 
 Registers used:
		wreg, fsr2l, fsr2h, status,2, status,0, prodl, prodh
 Tracked objects:
		On entry : 
		On exit  : 
		Unchanged: 
 Data sizes:     COMRAM   BANK0   BANK1   BANK2   BANK3   BANK4   BANK5   BANK6   BANK7
      Params:         0       0       0       0       0       0       0       0       0
      Locals:         1       0       0       0       0       0       0       0       0
      Temps:          0       0       0       0       0       0       0       0       0
      Totals:         1       0       0       0       0       0       0       0       0
Total ram usage:        1 bytes
 Hardware stack levels used:    1
 This function calls:
		Nothing
 This function is called by:
		_I2C1_ISR
 This function uses a non-reentrant model



MODULE INFORMATION

Module		Function		Class		Link	Load	Size
C:\Program Files (x86)\Microchip\xc8\v2.00\pic\sources\c90\common\sprcmul.c
		___flmul       		CODE           	0806	0000	1231

C:\Program Files (x86)\Microchip\xc8\v2.00\pic\sources\c90\common\sprcmul.c estimated size: 1231

mcc_generated_files/interrupt_manager.c
		_INTERRUPT_Initialize		CODE           	1900	0000	7
		_INTERRUPT_InterruptManager		CODE           	14F6	0000	165

mcc_generated_files/interrupt_manager.c estimated size: 172

mcc_generated_files/tmr0.c
		_TMR0_StopTimer		CODE           	18F4	0000	7
		_TMR0_Reload   		CODE           	18E6	0000	15
		_TMR0_StartTimer		CODE           	18FA	0000	7
		_TMR0_ReadTimer		CODE           	1834	0000	45
		_TMR0_Initialize		CODE           	17D2	0000	53

mcc_generated_files/tmr0.c estimated size: 127

mcc_generated_files/i2c1.c
		_I2C1_StatusCallback		CODE           	140A	0000	237
		_I2C1_ISR      		CODE           	12FA	0000	273
		_I2C1_Initialize		CODE           	1778	0000	91
		_set_buffer_16 		CODE           	171E	0000	91

mcc_generated_files/i2c1.c estimated size: 692

mcc_generated_files/pin_manager.c
		_PIN_MANAGER_Initialize		CODE           	160C	0000	93

mcc_generated_files/pin_manager.c estimated size: 93

shared
		__initialization		CODE           	16C4	0000	81
		_resolution    		SMALLCONST     	0801	0000	5

shared estimated size: 86

C:\Program Files (x86)\Microchip\xc8\v2.00\pic\sources\c90\common\xxtofl.c
		___xxtofl      		CODE           	0EFC	0000	513

C:\Program Files (x86)\Microchip\xc8\v2.00\pic\sources\c90\common\xxtofl.c estimated size: 513

mcc_generated_files/mcc.c
		_PMD_Initialize		CODE           	1860	0000	37
		_OSCILLATOR_Initialize		CODE           	1806	0000	47
		_SYSTEM_Initialize		CODE           	1884	0000	31

mcc_generated_files/mcc.c estimated size: 115

mcc_generated_files/adcc.c
		_ADCC_GetConversionResult		CODE           	18BC	0000	27
		_ADCC_StartConversion		CODE           	18D6	0000	17
		_ADCC_Initialize		CODE           	1668	0000	93
		_ADCC_IsConversionDone		CODE           	18A2	0000	27

mcc_generated_files/adcc.c estimated size: 164

main.c
		_set_channel   		CODE           	0CD4	0000	553
		_main          		CODE           	10FC	0000	511
		_get_adc       		CODE           	159A	0000	115

main.c estimated size: 1179

